[com.americanexpress.unify.flowret.Rts             ] INFO : Case id -> 1, successfully created case
[com.americanexpress.unify.flowret.Rts             ] INFO : Case id -> 1, raising event -> ON_PROCESS_START, comp name -> , work basket ->
Received event -> ON_PROCESS_START, isPendAtSameStep -> false
[com.americanexpress.unify.flowret.ExecThreadTask  ] INFO : Case id -> 1, executing step -> start, component -> start, execution path -> .
[com.americanexpress.unify.flowret.ExecThreadTask  ] INFO : Case id -> 1, executing step -> step_1, component -> step_1_comp, execution path -> .
[com.americanexpress.unify.flowret.ExecThreadTask  ] INFO : Case id -> 1, executing parallel routing rule -> route_1, execution path -> .
[com.americanexpress.unify.flowret.ExecThreadTask  ] INFO : Case id -> 1, executing step -> step_b1_1, component -> step_b1_1_comp, execution path -> .route_1.1.
[com.americanexpress.unify.flowret.ExecThreadTask  ] INFO : Case id -> 1, executing step -> step_b2_1, component -> step_b2_1_comp, execution path -> .route_1.2.
[com.americanexpress.unify.flowret.ExecThreadTask  ] INFO : Case id -> 1, executing step -> step_b3_1, component -> step_b3_1_comp, execution path -> .route_1.3.
[com.americanexpress.unify.flowret.ExecThreadTask  ] INFO : Case id -> 1, executing parallel routing rule -> route_b1_1, execution path -> .route_1.1.
[com.americanexpress.unify.flowret.ExecThreadTask  ] INFO : Case id -> 1, executing parallel routing rule -> route_b2_1, execution path -> .route_1.2.
[com.americanexpress.unify.flowret.ExecThreadTask  ] INFO : Case id -> 1, executing parallel routing rule -> route_b3_1, execution path -> .route_1.3.
[com.americanexpress.unify.flowret.ExecThreadTask  ] INFO : Case id -> 1, executing step -> step_b1_b1_1, component -> step_b1_b1_comp, execution path -> .route_1.1.route_b1_1.1.
[com.americanexpress.unify.flowret.ExecThreadTask  ] INFO : Case id -> 1, executing step -> step_b1_b2_1, component -> step_b1_b2_comp, execution path -> .route_1.1.route_b1_1.2.
[com.americanexpress.unify.flowret.ExecThreadTask  ] INFO : Case id -> 1, executing step -> step_b1_b3_1, component -> step_b1_b3_comp, execution path -> .route_1.1.route_b1_1.3.
[com.americanexpress.unify.flowret.ExecThreadTask  ] INFO : Case id -> 1, executing step -> step_b2_b1_1, component -> step_b2_b1_comp, execution path -> .route_1.2.route_b2_1.1.
[com.americanexpress.unify.flowret.ExecThreadTask  ] INFO : Case id -> 1, executing step -> step_b2_b2_1, component -> step_b2_b2_comp, execution path -> .route_1.2.route_b2_1.2.
[com.americanexpress.unify.flowret.ExecThreadTask  ] INFO : Case id -> 1, executing step -> step_b2_b3_1, component -> step_b2_b3_comp, execution path -> .route_1.2.route_b2_1.3.
[com.americanexpress.unify.flowret.ExecThreadTask  ] INFO : Case id -> 1, executing step -> step_b3_b1_1, component -> step_b3_b1_comp, execution path -> .route_1.3.route_b3_1.1.
[com.americanexpress.unify.flowret.ExecThreadTask  ] INFO : Case id -> 1, executing step -> step_b3_b2_1, component -> step_b3_b2_comp, execution path -> .route_1.3.route_b3_1.2.
[com.americanexpress.unify.flowret.ExecThreadTask  ] INFO : Case id -> 1, executing step -> step_b3_b3_1, component -> step_b3_b3_comp, execution path -> .route_1.3.route_b3_1.3.
[com.americanexpress.unify.flowret.ExecThreadTask  ] INFO : Case id -> 1, handling join for execution path -> .route_1.1.route_b1_1.1.
[com.americanexpress.unify.flowret.ExecThreadTask  ] INFO : Case id -> 1, handling join for execution path -> .route_1.1.route_b1_1.2.
[com.americanexpress.unify.flowret.ExecThreadTask  ] INFO : Case id -> 1, handling join for execution path -> .route_1.1.route_b1_1.3.
[com.americanexpress.unify.flowret.ExecThreadTask  ] INFO : Case id -> 1, handling join for execution path -> .route_1.2.route_b2_1.1.
[com.americanexpress.unify.flowret.ExecThreadTask  ] INFO : Case id -> 1, handling join for execution path -> .route_1.2.route_b2_1.2.
[com.americanexpress.unify.flowret.ExecThreadTask  ] INFO : Case id -> 1, handling join for execution path -> .route_1.2.route_b2_1.3.
[com.americanexpress.unify.flowret.ExecThreadTask  ] INFO : Case id -> 1, handling join for execution path -> .route_1.3.route_b3_1.2.
[com.americanexpress.unify.flowret.ExecThreadTask  ] INFO : Case id -> 1, handling join for execution path -> .route_1.3.route_b3_1.1.
[com.americanexpress.unify.flowret.ExecThreadTask  ] INFO : Case id -> 1, handling join for execution path -> .route_1.3.route_b3_1.3.
[com.americanexpress.unify.flowret.ExecThreadTask  ] INFO : Case id -> 1, executing step -> step_b1_2, component -> step_b1_2_comp, execution path -> .route_1.1.
[com.americanexpress.unify.flowret.ExecThreadTask  ] INFO : Case id -> 1, executing step -> step_b2_2, component -> step_b2_2_comp, execution path -> .route_1.2.
[com.americanexpress.unify.flowret.ExecThreadTask  ] INFO : Case id -> 1, executing step -> step_b3_2, component -> step_b3_2_comp, execution path -> .route_1.3.
[com.americanexpress.unify.flowret.ExecThreadTask  ] INFO : Case id -> 1, handling join for execution path -> .route_1.1.
[com.americanexpress.unify.flowret.ExecThreadTask  ] INFO : Case id -> 1, handling join for execution path -> .route_1.2.
[com.americanexpress.unify.flowret.ExecThreadTask  ] INFO : Case id -> 1, handling join for execution path -> .route_1.3.
[com.americanexpress.unify.flowret.ExecThreadTask  ] INFO : Case id -> 1, executing step -> step_2, component -> step_2_comp, execution path -> .
[com.americanexpress.unify.flowret.Rts             ] INFO : Case id -> 1, raising event -> ON_PROCESS_COMPLETE, comp name -> , work basket ->
Received event -> ON_PROCESS_COMPLETE, isPendAtSameStep -> false

Exception -> Cannot resume a case that has already completed. Case id -> 1
