[com.aexp.acq.unify.flowret.Rts                    ] INFO : Case id -> 1, successfully created case
[com.aexp.acq.unify.flowret.Rts                    ] INFO : Case id -> 1, raising event -> ON_PROCESS_START, comp name -> , work basket -> 
Received event -> ON_PROCESS_START, isPendAtSameStep -> false
[com.aexp.acq.unify.flowret.ExecThreadTask         ] INFO : Case id -> 1, executing step -> start, component -> c1, execution path -> .
[com.aexp.acq.unify.flowret.ExecThreadTask         ] INFO : Case id -> 1, executing step -> step2, component -> c2, execution path -> .
[com.aexp.acq.unify.flowret.ExecThreadTask         ] INFO : Case id -> 1, executing persist step -> step3, execution path -> .
[com.aexp.acq.unify.flowret.Rts                    ] INFO : Case id -> 1, raising event -> ON_PERSIST, comp name -> , work basket -> 
Received event -> ON_PERSIST, isPendAtSameStep -> false
[com.aexp.acq.unify.flowret.ExecThreadTask         ] INFO : Case id -> 1, executing step -> step4, component -> c4, execution path -> .
[com.aexp.acq.unify.flowret.Rts                    ] INFO : Case id -> 1, raising event -> ON_PROCESS_COMPLETE, comp name -> , work basket -> 
Received event -> ON_PROCESS_COMPLETE, isPendAtSameStep -> false

Exception -> Cannot resume a case that has already completed. Case id -> 1
