[com.aexp.acq.unify.flowret.Rts                    ] INFO : Case id -> 1, successfully created case
[com.aexp.acq.unify.flowret.Rts                    ] INFO : Case id -> 1, raising event -> ON_PROCESS_START, comp name -> , work basket -> 
Received event -> ON_PROCESS_START, isPendAtSameStep -> false
[com.aexp.acq.unify.flowret.ExecThreadTask         ] INFO : Case id -> 1, executing step -> start, component -> start_comp, execution path -> .
[com.aexp.acq.unify.flowret.ExecThreadTask         ] INFO : Case id -> 1, executing step -> step2, component -> comp2, execution path -> .
[com.aexp.acq.unify.flowret.ExecThreadTask         ] INFO : Case id -> 1, executing step -> step3, component -> comp3, execution path -> .
[com.aexp.acq.unify.flowret.ExecThreadTask         ] INFO : Case id -> 1, executing step -> step4, component -> comp4, execution path -> .
[com.aexp.acq.unify.flowret.ExecThreadTask         ] INFO : Case id -> 1, executing singular routing rule -> route1, execution path -> .
[com.aexp.acq.unify.flowret.ExecThreadTask         ] INFO : Case id -> 1, executing step -> step6, component -> comp6, execution path -> .
[com.aexp.acq.unify.flowret.ExecThreadTask         ] INFO : Case id -> 1, executing step -> step7, component -> comp7, execution path -> .
[com.aexp.acq.unify.flowret.ExecThreadTask         ] INFO : Case id -> 1, executing singular routing rule -> route2, execution path -> .
[com.aexp.acq.unify.flowret.ExecThreadTask         ] INFO : Case id -> 1, executing step -> step9, component -> comp9, execution path -> .
[com.aexp.acq.unify.flowret.ExecThreadTask         ] INFO : Case id -> 1, executing step -> step10, component -> comp10, execution path -> .
[com.aexp.acq.unify.flowret.ExecThreadTask         ] INFO : Case id -> 1, executing step -> step11, component -> comp11, execution path -> .
[com.aexp.acq.unify.flowret.ExecThreadTask         ] INFO : Case id -> 1, executing step -> step12, component -> comp12, execution path -> .
[com.aexp.acq.unify.flowret.ExecThreadTask         ] INFO : Case id -> 1, executing step -> step13, component -> comp13, execution path -> .
[com.aexp.acq.unify.flowret.ExecThreadTask         ] INFO : Case id -> 1, executing step -> step14, component -> comp14, execution path -> .
[com.aexp.acq.unify.flowret.ExecThreadTask         ] INFO : Case id -> 1, executing step -> step15, component -> comp15, execution path -> .
[com.aexp.acq.unify.flowret.ExecThreadTask         ] INFO : Case id -> 1, executing singular routing rule -> route3, execution path -> .
[com.aexp.acq.unify.flowret.ExecThreadTask         ] INFO : Case id -> 1, executing step -> step16, component -> comp16, execution path -> .
[com.aexp.acq.unify.flowret.ExecThreadTask         ] INFO : Case id -> 1, pending at step -> step16, component -> comp16, execution path -> .
[com.aexp.acq.unify.flowret.ExecThreadTask         ] INFO : Case id -> 1, encountered ticket -> final_step, component -> comp16, execution path -> .
[com.aexp.acq.unify.flowret.Rts                    ] INFO : Case id -> 1, raising event -> ON_TICKET_RAISED, comp name -> comp16, work basket -> 
Received event -> ON_TICKET_RAISED, isPendAtSameStep -> false
Ticket raised -> final_step
[com.aexp.acq.unify.flowret.Rts                    ] INFO : Case id -> 1, raising event -> ON_PROCESS_PEND, comp name -> comp16, work basket -> some_wb
Received event -> ON_PROCESS_PEND, isPendAtSameStep -> false
Pend workbasket -> some_wb

[com.aexp.acq.unify.flowret.Rts                    ] INFO : Case id -> 1, raising event -> ON_PROCESS_RESUME, comp name -> comp16, work basket -> some_wb
Received event -> ON_PROCESS_RESUME, isPendAtSameStep -> true
[com.aexp.acq.unify.flowret.Rts                    ] INFO : Case id -> 1, raising event -> ON_TICKET_RAISED, comp name -> comp16, work basket -> 
Received event -> ON_TICKET_RAISED, isPendAtSameStep -> true
Ticket raised -> final_step
[com.aexp.acq.unify.flowret.ExecThreadTask         ] INFO : Case id -> 1, executing step -> step29, component -> comp29, execution path -> .
[com.aexp.acq.unify.flowret.ExecThreadTask         ] INFO : Case id -> 1, executing step -> step30, component -> comp30, execution path -> .
[com.aexp.acq.unify.flowret.Rts                    ] INFO : Case id -> 1, raising event -> ON_PROCESS_COMPLETE, comp name -> , work basket -> 
Received event -> ON_PROCESS_COMPLETE, isPendAtSameStep -> false

Exception -> Cannot resume a case that has already completed. Case id -> 1
