[com.americanexpress.unify.flowret.Rts             ] INFO : Case id -> 1, successfully created case
[com.americanexpress.unify.flowret.Rts             ] INFO : Case id -> 1, raising event -> ON_PROCESS_START, comp name -> , work basket ->
Received event -> ON_PROCESS_START, isPendAtSameStep -> false
[com.americanexpress.unify.flowret.ExecThreadTask  ] INFO : Case id -> 1, executing step -> start, component -> start, execution path -> .
[com.americanexpress.unify.flowret.ExecThreadTask  ] INFO : Case id -> 1, executing step -> step_1, component -> step_1_comp, execution path -> .
[com.americanexpress.unify.flowret.ExecThreadTask  ] INFO : Case id -> 1, executing parallel routing rule -> route_1, execution path -> .
[com.americanexpress.unify.flowret.ExecThreadTask  ] INFO : Case id -> 1, executing step -> step_2_1, component -> step_2_1_comp, execution path -> .route_1.1.
[com.americanexpress.unify.flowret.ExecThreadTask  ] INFO : Case id -> 1, executing step -> step_2_2, component -> step_2_2_comp, execution path -> .route_1.2.
[com.americanexpress.unify.flowret.ExecThreadTask  ] INFO : Case id -> 1, pending at step -> step_2_2, component -> step_2_2_comp, execution path -> .route_1.2.
[com.americanexpress.unify.flowret.ExecThreadTask  ] INFO : Case id -> 1, executing step -> step_2_3, component -> step_2_3_comp, execution path -> .route_1.3.
[com.americanexpress.unify.flowret.ExecThreadTask  ] INFO : Case id -> 1, handling join for execution path -> .route_1.1.
[com.americanexpress.unify.flowret.ExecThreadTask  ] INFO : Case id -> 1, pending at step -> step_2_3, component -> step_2_3_comp, execution path -> .route_1.3.
[com.americanexpress.unify.flowret.ExecThreadTask  ] INFO : Case id -> 1, encountered ticket -> reject, component -> step_2_3_comp, execution path -> .route_1.3.
[com.americanexpress.unify.flowret.Rts             ] INFO : Case id -> 1, raising event -> ON_TICKET_RAISED, comp name -> step_2_3_comp, work basket ->
Received event -> ON_TICKET_RAISED, isPendAtSameStep -> false
Ticket raised -> reject
[com.americanexpress.unify.flowret.Rts             ] INFO : Case id -> 1, raising event -> ON_PROCESS_PEND, comp name -> step_2_3_comp, work basket -> test_wb
Received event -> ON_PROCESS_PEND, isPendAtSameStep -> false
Pend workbasket -> test_wb

[com.americanexpress.unify.flowret.Rts             ] INFO : Case id -> 1, raising event -> ON_PROCESS_RESUME, comp name -> step_2_3_comp, work basket -> test_wb
Received event -> ON_PROCESS_RESUME, isPendAtSameStep -> true
[com.americanexpress.unify.flowret.Rts             ] INFO : Case id -> 1, raising event -> ON_TICKET_RAISED, comp name -> step_2_3_comp, work basket ->
Received event -> ON_TICKET_RAISED, isPendAtSameStep -> true
Ticket raised -> reject
[com.americanexpress.unify.flowret.ExecThreadTask  ] INFO : Case id -> 1, executing step -> step_4, component -> step_4_comp, execution path -> .
[com.americanexpress.unify.flowret.ExecThreadTask  ] INFO : Case id -> 1, pending at step -> step_4, component -> step_4_comp, execution path -> .
[com.americanexpress.unify.flowret.Rts             ] INFO : Case id -> 1, raising event -> ON_PROCESS_PEND, comp name -> step_4_comp, work basket -> test_wb
Received event -> ON_PROCESS_PEND, isPendAtSameStep -> false
Pend workbasket -> test_wb

[com.americanexpress.unify.flowret.Rts             ] INFO : Case id -> 1, raising event -> ON_PROCESS_RESUME, comp name -> step_4_comp, work basket -> test_wb
Received event -> ON_PROCESS_RESUME, isPendAtSameStep -> true
[com.americanexpress.unify.flowret.ExecThreadTask  ] INFO : Case id -> 1, executing step -> step_5, component -> step_5_comp, execution path -> .
[com.americanexpress.unify.flowret.Rts             ] INFO : Case id -> 1, raising event -> ON_PROCESS_COMPLETE, comp name -> , work basket ->
Received event -> ON_PROCESS_COMPLETE, isPendAtSameStep -> false

Exception -> Cannot resume a case that has already completed. Case id -> 1
